#-----------------------------------------------------------
# Vivado v2022.1 (64-bit)
# SW Build 3526262 on Mon Apr 18 15:47:01 MDT 2022
# IP Build 3524634 on Mon Apr 18 20:55:01 MDT 2022
# Start of session at: Tue Nov  8 08:10:01 2022
# Process ID: 54052
# Current directory: /home/michal/Downloads/SoC_p2_zc706/SoC_p2_zc706/SoC_p2_zc706.runs/p2_ddr3_axi_bram_ctrl_0_0_synth_1
# Command line: vivado -log p2_ddr3_axi_bram_ctrl_0_0.vds -product Vivado -mode batch -messageDb vivado.pb -notrace -source p2_ddr3_axi_bram_ctrl_0_0.tcl
# Log file: /home/michal/Downloads/SoC_p2_zc706/SoC_p2_zc706/SoC_p2_zc706.runs/p2_ddr3_axi_bram_ctrl_0_0_synth_1/p2_ddr3_axi_bram_ctrl_0_0.vds
# Journal file: /home/michal/Downloads/SoC_p2_zc706/SoC_p2_zc706/SoC_p2_zc706.runs/p2_ddr3_axi_bram_ctrl_0_0_synth_1/vivado.jou
# Running On: ubuntu, OS: Linux, CPU Frequency: 3187.200 MHz, CPU Physical cores: 4, Host memory: 17942 MB
#-----------------------------------------------------------
source p2_ddr3_axi_bram_ctrl_0_0.tcl -notrace
